2026-09-24 22:42:11,106 - aqt.helper - DEBUG - helper 46204 Attempt to download checksum at https://download.qt.io/online/qtsdkrepository/windows_x86/desktop/qt6_683/qt6_683/Updates.xml.sha256
2026-09-24 22:42:21,196 - aqt.main - INFO - installer 53504 aqtinstall(aqt) v3.3.0 on Python 3.12.10 [CPython MSC v.1943 64 bit (AMD64)]
2026-09-24 22:42:21,197 - aqt.helper - DEBUG - helper 53504 Attempt to download checksum at https://download.qt.io/online/qtsdkrepository/windows_x86/desktop/qt6_683/qt6_683/Updates.xml.sha256
2026-09-24 22:42:22,838 - aqt.helper - DEBUG - helper 53504 Attempt to download checksum at https://download.qt.io/online/qtsdkrepository/windows_x86/extensions/qtwebengine/683/msvc2022_64/Updates.xml.sha256
2026-09-24 22:42:24,181 - aqt.archives - INFO - archives 53504 Found extension qtwebengine
2026-09-24 22:42:24,181 - aqt.helper - DEBUG - helper 53504 Attempt to download checksum at https://download.qt.io/online/qtsdkrepository/windows_x86/extensions/qtpdf/683/msvc2022_64/Updates.xml.sha256
2026-09-24 22:42:25,582 - aqt.archives - INFO - archives 53504 Found extension qtpdf
2026-09-24 22:42:26,358 - aqt.helper - DEBUG - helper 57560 Attempt to download checksum at https://download.qt.io/online/qtsdkrepository/windows_x86/desktop/qt6_683/qt6_683/qt.qt6.683.win64_msvc2022_64/6.8.3-0-202503201308qtbase-Windows-Windows_11_23H2-MSVC2022-Windows-Windows_11_23H2-X86_64.7z.sha256
2026-09-24 22:42:26,358 - aqt.helper - DEBUG - helper 43248 Attempt to download checksum at https://download.qt.io/online/qtsdkrepository/windows_x86/desktop/qt6_683/qt6_683/qt.qt6.683.addons.qtimageformats.win64_msvc2022_64/6.8.3-0-202503201308qtimageformats-Windows-Windows_11_23H2-MSVC2022-Windows-Windows_11_23H2-X86_64.7z.sha256
2026-09-24 22:42:26,379 - aqt.helper - DEBUG - helper 43376 Attempt to download checksum at https://download.qt.io/online/qtsdkrepository/windows_x86/desktop/qt6_683/qt6_683/qt.qt6.683.win64_msvc2022_64/6.8.3-0-202503201308qtsvg-Windows-Windows_11_23H2-MSVC2022-Windows-Windows_11_23H2-X86_64.7z.sha256
2026-09-24 22:42:26,386 - aqt.helper - DEBUG - helper 30688 Attempt to download checksum at https://download.qt.io/online/qtsdkrepository/windows_x86/desktop/qt6_683/qt6_683/qt.qt6.683.win64_msvc2022_64/6.8.3-0-202503201308qtdeclarative-Windows-Windows_11_23H2-MSVC2022-Windows-Windows_11_23H2-X86_64.7z.sha256
2026-09-24 22:42:27,253 - aqt.helper - INFO - helper 43248 Downloading qtimageformats...
2026-09-24 22:42:27,253 - aqt.helper - INFO - helper 43376 Downloading qtsvg...
2026-09-24 22:42:27,253 - aqt.helper - INFO - helper 30688 Downloading qtdeclarative...
2026-09-24 22:42:27,253 - aqt.installer - DEBUG - installer 43248 Download URL: https://download.qt.io/online/qtsdkrepository/windows_x86/desktop/qt6_683/qt6_683/qt.qt6.683.addons.qtimageformats.win64_msvc2022_64/6.8.3-0-202503201308qtimageformats-Windows-Windows_11_23H2-MSVC2022-Windows-Windows_11_23H2-X86_64.7z
2026-09-24 22:42:27,253 - aqt.installer - DEBUG - installer 43376 Download URL: https://download.qt.io/online/qtsdkrepository/windows_x86/desktop/qt6_683/qt6_683/qt.qt6.683.win64_msvc2022_64/6.8.3-0-202503201308qtsvg-Windows-Windows_11_23H2-MSVC2022-Windows-Windows_11_23H2-X86_64.7z
2026-09-24 22:42:27,253 - aqt.installer - DEBUG - installer 30688 Download URL: https://download.qt.io/online/qtsdkrepository/windows_x86/desktop/qt6_683/qt6_683/qt.qt6.683.win64_msvc2022_64/6.8.3-0-202503201308qtdeclarative-Windows-Windows_11_23H2-MSVC2022-Windows-Windows_11_23H2-X86_64.7z
2026-09-24 22:42:27,264 - aqt.helper - INFO - helper 57560 Downloading qtbase...
2026-09-24 22:42:27,265 - aqt.installer - DEBUG - installer 57560 Download URL: https://download.qt.io/online/qtsdkrepository/windows_x86/desktop/qt6_683/qt6_683/qt.qt6.683.win64_msvc2022_64/6.8.3-0-202503201308qtbase-Windows-Windows_11_23H2-MSVC2022-Windows-Windows_11_23H2-X86_64.7z
2026-09-24 22:42:28,087 - aqt.helper - DEBUG - helper 57560 Asked to redirect(302) to: https://qt.mirror.constant.com/online/qtsdkrepository/windows_x86/desktop/qt6_683/qt6_683/qt.qt6.683.win64_msvc2022_64/6.8.3-0-202503201308qtbase-Windows-Windows_11_23H2-MSVC2022-Windows-Windows_11_23H2-X86_64.7z
2026-09-24 22:42:28,088 - aqt.helper - INFO - helper 57560 Redirected: qt.mirror.constant.com
2026-09-24 22:42:28,088 - aqt.helper - DEBUG - helper 30688 Asked to redirect(302) to: https://qt.mirror.constant.com/online/qtsdkrepository/windows_x86/desktop/qt6_683/qt6_683/qt.qt6.683.win64_msvc2022_64/6.8.3-0-202503201308qtdeclarative-Windows-Windows_11_23H2-MSVC2022-Windows-Windows_11_23H2-X86_64.7z
2026-09-24 22:42:28,088 - aqt.helper - INFO - helper 30688 Redirected: qt.mirror.constant.com
2026-09-24 22:42:28,132 - aqt.helper - DEBUG - helper 43248 Asked to redirect(302) to: https://qt.mirror.constant.com/online/qtsdkrepository/windows_x86/desktop/qt6_683/qt6_683/qt.qt6.683.addons.qtimageformats.win64_msvc2022_64/6.8.3-0-202503201308qtimageformats-Windows-Windows_11_23H2-MSVC2022-Windows-Windows_11_23H2-X86_64.7z
2026-09-24 22:42:28,132 - aqt.helper - INFO - helper 43248 Redirected: qt.mirror.constant.com
2026-09-24 22:42:28,433 - aqt.helper - DEBUG - helper 43376 Asked to redirect(302) to: https://qt.mirror.constant.com/online/qtsdkrepository/windows_x86/desktop/qt6_683/qt6_683/qt.qt6.683.win64_msvc2022_64/6.8.3-0-202503201308qtsvg-Windows-Windows_11_23H2-MSVC2022-Windows-Windows_11_23H2-X86_64.7z
2026-09-24 22:42:28,433 - aqt.helper - INFO - helper 43376 Redirected: qt.mirror.constant.com
2026-09-24 22:42:29,182 - aqt.installer - INFO - installer 43248 Finished installation of qtimageformats-Windows-Windows_11_23H2-MSVC2022-Windows-Windows_11_23H2-X86_64.7z in 2.82573500
2026-09-24 22:42:29,194 - aqt.helper - DEBUG - helper 43248 Attempt to download checksum at https://download.qt.io/online/qtsdkrepository/windows_x86/desktop/qt6_683/qt6_683/qt.qt6.683.win64_msvc2022_64/6.8.3-0-202503201308qttools-Windows-Windows_11_23H2-MSVC2022-Windows-Windows_11_23H2-X86_64.7z.sha256
2026-09-24 22:42:29,680 - aqt.installer - INFO - installer 43376 Finished installation of qtsvg-Windows-Windows_11_23H2-MSVC2022-Windows-Windows_11_23H2-X86_64.7z in 3.30320710
2026-09-24 22:42:29,691 - aqt.helper - DEBUG - helper 43376 Attempt to download checksum at https://download.qt.io/online/qtsdkrepository/windows_x86/desktop/qt6_683/qt6_683/qt.qt6.683.win64_msvc2022_64/6.8.3-0-202503201308qttranslations-Windows-Windows_11_23H2-MSVC2022-Windows-Windows_11_23H2-X86_64.7z.sha256
2026-09-24 22:42:29,943 - aqt.helper - INFO - helper 43248 Downloading qttools...
2026-09-24 22:42:29,943 - aqt.installer - DEBUG - installer 43248 Download URL: https://download.qt.io/online/qtsdkrepository/windows_x86/desktop/qt6_683/qt6_683/qt.qt6.683.win64_msvc2022_64/6.8.3-0-202503201308qttools-Windows-Windows_11_23H2-MSVC2022-Windows-Windows_11_23H2-X86_64.7z
2026-09-24 22:42:30,509 - aqt.helper - INFO - helper 43376 Downloading qttranslations...
2026-09-24 22:42:30,511 - aqt.installer - DEBUG - installer 43376 Download URL: https://download.qt.io/online/qtsdkrepository/windows_x86/desktop/qt6_683/qt6_683/qt.qt6.683.win64_msvc2022_64/6.8.3-0-202503201308qttranslations-Windows-Windows_11_23H2-MSVC2022-Windows-Windows_11_23H2-X86_64.7z
2026-09-24 22:42:30,805 - aqt.helper - DEBUG - helper 43248 Asked to redirect(302) to: https://qt.mirror.constant.com/online/qtsdkrepository/windows_x86/desktop/qt6_683/qt6_683/qt.qt6.683.win64_msvc2022_64/6.8.3-0-202503201308qttools-Windows-Windows_11_23H2-MSVC2022-Windows-Windows_11_23H2-X86_64.7z
2026-09-24 22:42:30,805 - aqt.helper - INFO - helper 43248 Redirected: qt.mirror.constant.com
2026-09-24 22:42:31,353 - aqt.helper - DEBUG - helper 43376 Asked to redirect(302) to: https://qt.mirror.constant.com/online/qtsdkrepository/windows_x86/desktop/qt6_683/qt6_683/qt.qt6.683.win64_msvc2022_64/6.8.3-0-202503201308qttranslations-Windows-Windows_11_23H2-MSVC2022-Windows-Windows_11_23H2-X86_64.7z
2026-09-24 22:42:31,353 - aqt.helper - INFO - helper 43376 Redirected: qt.mirror.constant.com
2026-09-24 22:42:35,986 - aqt.installer - INFO - installer 43376 Finished installation of qttranslations-Windows-Windows_11_23H2-MSVC2022-Windows-Windows_11_23H2-X86_64.7z in 6.29930250
2026-09-24 22:42:35,999 - aqt.helper - DEBUG - helper 43376 Attempt to download checksum at https://download.qt.io/online/qtsdkrepository/windows_x86/desktop/qt6_683/qt6_683/qt.qt6.683.win64_msvc2022_64/6.8.3-0-202503201308d3dcompiler_47-x64.7z.sha256
2026-09-24 22:42:36,960 - aqt.helper - INFO - helper 43376 Downloading d3dcompiler_47...
2026-09-24 22:42:36,960 - aqt.installer - DEBUG - installer 43376 Download URL: https://download.qt.io/online/qtsdkrepository/windows_x86/desktop/qt6_683/qt6_683/qt.qt6.683.win64_msvc2022_64/6.8.3-0-202503201308d3dcompiler_47-x64.7z
2026-09-24 22:42:37,875 - aqt.helper - DEBUG - helper 43376 Asked to redirect(302) to: https://qt.mirror.constant.com/online/qtsdkrepository/windows_x86/desktop/qt6_683/qt6_683/qt.qt6.683.win64_msvc2022_64/6.8.3-0-202503201308d3dcompiler_47-x64.7z
2026-09-24 22:42:37,875 - aqt.helper - INFO - helper 43376 Redirected: qt.mirror.constant.com
2026-09-24 22:42:41,284 - aqt.installer - INFO - installer 43376 Finished installation of d3dcompiler_47-x64.7z in 5.28812129
2026-09-24 22:42:41,294 - aqt.helper - DEBUG - helper 43376 Attempt to download checksum at https://download.qt.io/online/qtsdkrepository/windows_x86/desktop/qt6_683/qt6_683/qt.qt6.683.win64_msvc2022_64/6.8.3-0-202503201308opengl32sw-64-mesa_11_2_2-signed_sha256.7z.sha256
2026-09-24 22:42:42,286 - aqt.helper - INFO - helper 43376 Downloading opengl32sw...
2026-09-24 22:42:42,286 - aqt.installer - DEBUG - installer 43376 Download URL: https://download.qt.io/online/qtsdkrepository/windows_x86/desktop/qt6_683/qt6_683/qt.qt6.683.win64_msvc2022_64/6.8.3-0-202503201308opengl32sw-64-mesa_11_2_2-signed_sha256.7z
2026-09-24 22:42:43,201 - aqt.helper - DEBUG - helper 43376 Asked to redirect(302) to: https://qt.mirror.constant.com/online/qtsdkrepository/windows_x86/desktop/qt6_683/qt6_683/qt.qt6.683.win64_msvc2022_64/6.8.3-0-202503201308opengl32sw-64-mesa_11_2_2-signed_sha256.7z
2026-09-24 22:42:43,201 - aqt.helper - INFO - helper 43376 Redirected: qt.mirror.constant.com
2026-09-24 22:42:52,144 - aqt.installer - INFO - installer 43376 Finished installation of opengl32sw-64-mesa_11_2_2-signed_sha256.7z in 10.85255619
2026-09-24 22:42:58,198 - aqt.installer - INFO - installer 43248 Finished installation of qttools-Windows-Windows_11_23H2-MSVC2022-Windows-Windows_11_23H2-X86_64.7z in 29.00686190
2026-09-24 22:43:10,780 - aqt.installer - INFO - installer 57560 Finished installation of qtbase-Windows-Windows_11_23H2-MSVC2022-Windows-Windows_11_23H2-X86_64.7z in 44.42414490
2026-09-24 22:43:50,834 - aqt.installer - INFO - installer 30688 Finished installation of qtdeclarative-Windows-Windows_11_23H2-MSVC2022-Windows-Windows_11_23H2-X86_64.7z in 84.45243730
2026-09-24 22:43:51,142 - aqt.updater - INFO - updater 53504 Patching C:\Users\filipxps15\devtools\Qt\6.8.3\msvc2022_64\bin\qmake.exe
2026-09-24 22:43:51,147 - aqt.updater - INFO - updater 53504 Patching C:\Users\filipxps15\devtools\Qt\6.8.3\msvc2022_64\lib\Qt6Concurrent.prl
2026-09-24 22:43:51,152 - aqt.updater - INFO - updater 53504 Patching C:\Users\filipxps15\devtools\Qt\6.8.3\msvc2022_64\lib\Qt6Concurrentd.prl
2026-09-24 22:43:51,157 - aqt.updater - INFO - updater 53504 Patching C:\Users\filipxps15\devtools\Qt\6.8.3\msvc2022_64\lib\Qt6Core.prl
2026-09-24 22:43:51,164 - aqt.updater - INFO - updater 53504 Patching C:\Users\filipxps15\devtools\Qt\6.8.3\msvc2022_64\lib\Qt6Cored.prl
2026-09-24 22:43:51,170 - aqt.updater - INFO - updater 53504 Patching C:\Users\filipxps15\devtools\Qt\6.8.3\msvc2022_64\lib\Qt6DBus.prl
2026-09-24 22:43:51,175 - aqt.updater - INFO - updater 53504 Patching C:\Users\filipxps15\devtools\Qt\6.8.3\msvc2022_64\lib\Qt6DBusd.prl
2026-09-24 22:43:51,181 - aqt.updater - INFO - updater 53504 Patching C:\Users\filipxps15\devtools\Qt\6.8.3\msvc2022_64\lib\Qt6Designer.prl
2026-09-24 22:43:51,187 - aqt.updater - INFO - updater 53504 Patching C:\Users\filipxps15\devtools\Qt\6.8.3\msvc2022_64\lib\Qt6DesignerComponents.prl
2026-09-24 22:43:51,192 - aqt.updater - INFO - updater 53504 Patching C:\Users\filipxps15\devtools\Qt\6.8.3\msvc2022_64\lib\Qt6DesignerComponentsd.prl
2026-09-24 22:43:51,198 - aqt.updater - INFO - updater 53504 Patching C:\Users\filipxps15\devtools\Qt\6.8.3\msvc2022_64\lib\Qt6Designerd.prl
2026-09-24 22:43:51,204 - aqt.updater - INFO - updater 53504 Patching C:\Users\filipxps15\devtools\Qt\6.8.3\msvc2022_64\lib\Qt6DeviceDiscoverySupport.prl
2026-09-24 22:43:51,211 - aqt.updater - INFO - updater 53504 Patching C:\Users\filipxps15\devtools\Qt\6.8.3\msvc2022_64\lib\Qt6DeviceDiscoverySupportd.prl
2026-09-24 22:43:51,217 - aqt.updater - INFO - updater 53504 Patching C:\Users\filipxps15\devtools\Qt\6.8.3\msvc2022_64\lib\Qt6EntryPoint.prl
2026-09-24 22:43:51,224 - aqt.updater - INFO - updater 53504 Patching C:\Users\filipxps15\devtools\Qt\6.8.3\msvc2022_64\lib\Qt6EntryPointd.prl
2026-09-24 22:43:51,231 - aqt.updater - INFO - updater 53504 Patching C:\Users\filipxps15\devtools\Qt\6.8.3\msvc2022_64\lib\Qt6ExampleIcons.prl
2026-09-24 22:43:51,237 - aqt.updater - INFO - updater 53504 Patching C:\Users\filipxps15\devtools\Qt\6.8.3\msvc2022_64\lib\Qt6ExampleIconsd.prl
2026-09-24 22:43:51,249 - aqt.updater - INFO - updater 53504 Patching C:\Users\filipxps15\devtools\Qt\6.8.3\msvc2022_64\lib\Qt6ExamplesAssetDownloader.prl
2026-09-24 22:43:51,258 - aqt.updater - INFO - updater 53504 Patching C:\Users\filipxps15\devtools\Qt\6.8.3\msvc2022_64\lib\Qt6ExamplesAssetDownloaderd.prl
2026-09-24 22:43:51,271 - aqt.updater - INFO - updater 53504 Patching C:\Users\filipxps15\devtools\Qt\6.8.3\msvc2022_64\lib\Qt6FbSupport.prl
2026-09-24 22:43:51,285 - aqt.updater - INFO - updater 53504 Patching C:\Users\filipxps15\devtools\Qt\6.8.3\msvc2022_64\lib\Qt6FbSupportd.prl
2026-09-24 22:43:51,291 - aqt.updater - INFO - updater 53504 Patching C:\Users\filipxps15\devtools\Qt\6.8.3\msvc2022_64\lib\Qt6Gui.prl
2026-09-24 22:43:51,302 - aqt.updater - INFO - updater 53504 Patching C:\Users\filipxps15\devtools\Qt\6.8.3\msvc2022_64\lib\Qt6Guid.prl
2026-09-24 22:43:51,314 - aqt.updater - INFO - updater 53504 Patching C:\Users\filipxps15\devtools\Qt\6.8.3\msvc2022_64\lib\Qt6Help.prl
2026-09-24 22:43:51,325 - aqt.updater - INFO - updater 53504 Patching C:\Users\filipxps15\devtools\Qt\6.8.3\msvc2022_64\lib\Qt6Helpd.prl
2026-09-24 22:43:51,338 - aqt.updater - INFO - updater 53504 Patching C:\Users\filipxps15\devtools\Qt\6.8.3\msvc2022_64\lib\Qt6LabsAnimation.prl
2026-09-24 22:43:51,350 - aqt.updater - INFO - updater 53504 Patching C:\Users\filipxps15\devtools\Qt\6.8.3\msvc2022_64\lib\Qt6LabsAnimationd.prl
2026-09-24 22:43:51,361 - aqt.updater - INFO - updater 53504 Patching C:\Users\filipxps15\devtools\Qt\6.8.3\msvc2022_64\lib\Qt6LabsFolderListModel.prl
2026-09-24 22:43:51,373 - aqt.updater - INFO - updater 53504 Patching C:\Users\filipxps15\devtools\Qt\6.8.3\msvc2022_64\lib\Qt6LabsFolderListModeld.prl
2026-09-24 22:43:51,385 - aqt.updater - INFO - updater 53504 Patching C:\Users\filipxps15\devtools\Qt\6.8.3\msvc2022_64\lib\Qt6LabsPlatform.prl
2026-09-24 22:43:51,396 - aqt.updater - INFO - updater 53504 Patching C:\Users\filipxps15\devtools\Qt\6.8.3\msvc2022_64\lib\Qt6LabsPlatformd.prl
2026-09-24 22:43:51,402 - aqt.updater - INFO - updater 53504 Patching C:\Users\filipxps15\devtools\Qt\6.8.3\msvc2022_64\lib\Qt6LabsQmlModels.prl
2026-09-24 22:43:51,412 - aqt.updater - INFO - updater 53504 Patching C:\Users\filipxps15\devtools\Qt\6.8.3\msvc2022_64\lib\Qt6LabsQmlModelsd.prl
2026-09-24 22:43:51,424 - aqt.updater - INFO - updater 53504 Patching C:\Users\filipxps15\devtools\Qt\6.8.3\msvc2022_64\lib\Qt6LabsSettings.prl
2026-09-24 22:43:51,437 - aqt.updater - INFO - updater 53504 Patching C:\Users\filipxps15\devtools\Qt\6.8.3\msvc2022_64\lib\Qt6LabsSettingsd.prl
2026-09-24 22:43:51,455 - aqt.updater - INFO - updater 53504 Patching C:\Users\filipxps15\devtools\Qt\6.8.3\msvc2022_64\lib\Qt6LabsSharedImage.prl
2026-09-24 22:43:51,474 - aqt.updater - INFO - updater 53504 Patching C:\Users\filipxps15\devtools\Qt\6.8.3\msvc2022_64\lib\Qt6LabsSharedImaged.prl
2026-09-24 22:43:51,492 - aqt.updater - INFO - updater 53504 Patching C:\Users\filipxps15\devtools\Qt\6.8.3\msvc2022_64\lib\Qt6LabsWavefrontMesh.prl
2026-09-24 22:43:51,509 - aqt.updater - INFO - updater 53504 Patching C:\Users\filipxps15\devtools\Qt\6.8.3\msvc2022_64\lib\Qt6LabsWavefrontMeshd.prl
2026-09-24 22:43:51,526 - aqt.updater - INFO - updater 53504 Patching C:\Users\filipxps15\devtools\Qt\6.8.3\msvc2022_64\lib\Qt6Network.prl
2026-09-24 22:43:51,543 - aqt.updater - INFO - updater 53504 Patching C:\Users\filipxps15\devtools\Qt\6.8.3\msvc2022_64\lib\Qt6Networkd.prl
2026-09-24 22:43:51,558 - aqt.updater - INFO - updater 53504 Patching C:\Users\filipxps15\devtools\Qt\6.8.3\msvc2022_64\lib\Qt6OpenGL.prl
2026-09-24 22:43:51,576 - aqt.updater - INFO - updater 53504 Patching C:\Users\filipxps15\devtools\Qt\6.8.3\msvc2022_64\lib\Qt6OpenGLd.prl
2026-09-24 22:43:51,593 - aqt.updater - INFO - updater 53504 Patching C:\Users\filipxps15\devtools\Qt\6.8.3\msvc2022_64\lib\Qt6OpenGLWidgets.prl
2026-09-24 22:43:51,621 - aqt.updater - INFO - updater 53504 Patching C:\Users\filipxps15\devtools\Qt\6.8.3\msvc2022_64\lib\Qt6OpenGLWidgetsd.prl
2026-09-24 22:43:51,640 - aqt.updater - INFO - updater 53504 Patching C:\Users\filipxps15\devtools\Qt\6.8.3\msvc2022_64\lib\Qt6PacketProtocol.prl
2026-09-24 22:43:51,661 - aqt.updater - INFO - updater 53504 Patching C:\Users\filipxps15\devtools\Qt\6.8.3\msvc2022_64\lib\Qt6PacketProtocold.prl
2026-09-24 22:43:51,684 - aqt.updater - INFO - updater 53504 Patching C:\Users\filipxps15\devtools\Qt\6.8.3\msvc2022_64\lib\Qt6PrintSupport.prl
2026-09-24 22:43:51,701 - aqt.updater - INFO - updater 53504 Patching C:\Users\filipxps15\devtools\Qt\6.8.3\msvc2022_64\lib\Qt6PrintSupportd.prl
2026-09-24 22:43:51,716 - aqt.updater - INFO - updater 53504 Patching C:\Users\filipxps15\devtools\Qt\6.8.3\msvc2022_64\lib\Qt6Qml.prl
2026-09-24 22:43:51,729 - aqt.updater - INFO - updater 53504 Patching C:\Users\filipxps15\devtools\Qt\6.8.3\msvc2022_64\lib\Qt6QmlAssetDownloader.prl
2026-09-24 22:43:51,743 - aqt.updater - INFO - updater 53504 Patching C:\Users\filipxps15\devtools\Qt\6.8.3\msvc2022_64\lib\Qt6QmlAssetDownloaderd.prl
2026-09-24 22:43:51,758 - aqt.updater - INFO - updater 53504 Patching C:\Users\filipxps15\devtools\Qt\6.8.3\msvc2022_64\lib\Qt6QmlCompiler.prl
2026-09-24 22:43:51,771 - aqt.updater - INFO - updater 53504 Patching C:\Users\filipxps15\devtools\Qt\6.8.3\msvc2022_64\lib\Qt6QmlCompilerd.prl
2026-09-24 22:43:51,788 - aqt.updater - INFO - updater 53504 Patching C:\Users\filipxps15\devtools\Qt\6.8.3\msvc2022_64\lib\Qt6QmlCore.prl
2026-09-24 22:43:51,804 - aqt.updater - INFO - updater 53504 Patching C:\Users\filipxps15\devtools\Qt\6.8.3\msvc2022_64\lib\Qt6QmlCored.prl
2026-09-24 22:43:51,815 - aqt.updater - INFO - updater 53504 Patching C:\Users\filipxps15\devtools\Qt\6.8.3\msvc2022_64\lib\Qt6Qmld.prl
2026-09-24 22:43:51,825 - aqt.updater - INFO - updater 53504 Patching C:\Users\filipxps15\devtools\Qt\6.8.3\msvc2022_64\lib\Qt6QmlDebug.prl
2026-09-24 22:43:51,842 - aqt.updater - INFO - updater 53504 Patching C:\Users\filipxps15\devtools\Qt\6.8.3\msvc2022_64\lib\Qt6QmlDebugd.prl
2026-09-24 22:43:51,865 - aqt.updater - INFO - updater 53504 Patching C:\Users\filipxps15\devtools\Qt\6.8.3\msvc2022_64\lib\Qt6QmlDom.prl
2026-09-24 22:43:51,879 - aqt.updater - INFO - updater 53504 Patching C:\Users\filipxps15\devtools\Qt\6.8.3\msvc2022_64\lib\Qt6QmlDomd.prl
2026-09-24 22:43:51,897 - aqt.updater - INFO - updater 53504 Patching C:\Users\filipxps15\devtools\Qt\6.8.3\msvc2022_64\lib\Qt6QmlLocalStorage.prl
2026-09-24 22:43:51,917 - aqt.updater - INFO - updater 53504 Patching C:\Users\filipxps15\devtools\Qt\6.8.3\msvc2022_64\lib\Qt6QmlLocalStoraged.prl
2026-09-24 22:43:51,933 - aqt.updater - INFO - updater 53504 Patching C:\Users\filipxps15\devtools\Qt\6.8.3\msvc2022_64\lib\Qt6QmlLS.prl
2026-09-24 22:43:51,954 - aqt.updater - INFO - updater 53504 Patching C:\Users\filipxps15\devtools\Qt\6.8.3\msvc2022_64\lib\Qt6QmlLSd.prl
2026-09-24 22:43:51,973 - aqt.updater - INFO - updater 53504 Patching C:\Users\filipxps15\devtools\Qt\6.8.3\msvc2022_64\lib\Qt6QmlMeta.prl
2026-09-24 22:43:51,991 - aqt.updater - INFO - updater 53504 Patching C:\Users\filipxps15\devtools\Qt\6.8.3\msvc2022_64\lib\Qt6QmlMetad.prl
2026-09-24 22:43:52,008 - aqt.updater - INFO - updater 53504 Patching C:\Users\filipxps15\devtools\Qt\6.8.3\msvc2022_64\lib\Qt6QmlModels.prl
2026-09-24 22:43:52,026 - aqt.updater - INFO - updater 53504 Patching C:\Users\filipxps15\devtools\Qt\6.8.3\msvc2022_64\lib\Qt6QmlModelsd.prl
2026-09-24 22:43:52,042 - aqt.updater - INFO - updater 53504 Patching C:\Users\filipxps15\devtools\Qt\6.8.3\msvc2022_64\lib\Qt6QmlNetwork.prl
2026-09-24 22:43:52,057 - aqt.updater - INFO - updater 53504 Patching C:\Users\filipxps15\devtools\Qt\6.8.3\msvc2022_64\lib\Qt6QmlNetworkd.prl
2026-09-24 22:43:52,069 - aqt.updater - INFO - updater 53504 Patching C:\Users\filipxps15\devtools\Qt\6.8.3\msvc2022_64\lib\Qt6QmlToolingSettings.prl
2026-09-24 22:43:52,086 - aqt.updater - INFO - updater 53504 Patching C:\Users\filipxps15\devtools\Qt\6.8.3\msvc2022_64\lib\Qt6QmlToolingSettingsd.prl
2026-09-24 22:43:52,104 - aqt.updater - INFO - updater 53504 Patching C:\Users\filipxps15\devtools\Qt\6.8.3\msvc2022_64\lib\Qt6QmlTypeRegistrar.prl
2026-09-24 22:43:52,123 - aqt.updater - INFO - updater 53504 Patching C:\Users\filipxps15\devtools\Qt\6.8.3\msvc2022_64\lib\Qt6QmlTypeRegistrard.prl
2026-09-24 22:43:52,143 - aqt.updater - INFO - updater 53504 Patching C:\Users\filipxps15\devtools\Qt\6.8.3\msvc2022_64\lib\Qt6QmlWorkerScript.prl
2026-09-24 22:43:52,162 - aqt.updater - INFO - updater 53504 Patching C:\Users\filipxps15\devtools\Qt\6.8.3\msvc2022_64\lib\Qt6QmlWorkerScriptd.prl
2026-09-24 22:43:52,179 - aqt.updater - INFO - updater 53504 Patching C:\Users\filipxps15\devtools\Qt\6.8.3\msvc2022_64\lib\Qt6QmlXmlListModel.prl
2026-09-24 22:43:52,197 - aqt.updater - INFO - updater 53504 Patching C:\Users\filipxps15\devtools\Qt\6.8.3\msvc2022_64\lib\Qt6QmlXmlListModeld.prl
2026-09-24 22:43:52,211 - aqt.updater - INFO - updater 53504 Patching C:\Users\filipxps15\devtools\Qt\6.8.3\msvc2022_64\lib\Qt6Quick.prl
2026-09-24 22:43:52,230 - aqt.updater - INFO - updater 53504 Patching C:\Users\filipxps15\devtools\Qt\6.8.3\msvc2022_64\lib\Qt6QuickControls2.prl
2026-09-24 22:43:52,246 - aqt.updater - INFO - updater 53504 Patching C:\Users\filipxps15\devtools\Qt\6.8.3\msvc2022_64\lib\Qt6QuickControls2Basic.prl
2026-09-24 22:43:52,262 - aqt.updater - INFO - updater 53504 Patching C:\Users\filipxps15\devtools\Qt\6.8.3\msvc2022_64\lib\Qt6QuickControls2Basicd.prl
2026-09-24 22:43:52,281 - aqt.updater - INFO - updater 53504 Patching C:\Users\filipxps15\devtools\Qt\6.8.3\msvc2022_64\lib\Qt6QuickControls2BasicStyleImpl.prl
2026-09-24 22:43:52,298 - aqt.updater - INFO - updater 53504 Patching C:\Users\filipxps15\devtools\Qt\6.8.3\msvc2022_64\lib\Qt6QuickControls2BasicStyleImpld.prl
2026-09-24 22:43:52,315 - aqt.updater - INFO - updater 53504 Patching C:\Users\filipxps15\devtools\Qt\6.8.3\msvc2022_64\lib\Qt6QuickControls2d.prl
2026-09-24 22:43:52,333 - aqt.updater - INFO - updater 53504 Patching C:\Users\filipxps15\devtools\Qt\6.8.3\msvc2022_64\lib\Qt6QuickControls2FluentWinUI3StyleImpl.prl
2026-09-24 22:43:52,353 - aqt.updater - INFO - updater 53504 Patching C:\Users\filipxps15\devtools\Qt\6.8.3\msvc2022_64\lib\Qt6QuickControls2FluentWinUI3StyleImpld.prl
2026-09-24 22:43:52,373 - aqt.updater - INFO - updater 53504 Patching C:\Users\filipxps15\devtools\Qt\6.8.3\msvc2022_64\lib\Qt6QuickControls2Fusion.prl
2026-09-24 22:43:52,391 - aqt.updater - INFO - updater 53504 Patching C:\Users\filipxps15\devtools\Qt\6.8.3\msvc2022_64\lib\Qt6QuickControls2Fusiond.prl
2026-09-24 22:43:52,411 - aqt.updater - INFO - updater 53504 Patching C:\Users\filipxps15\devtools\Qt\6.8.3\msvc2022_64\lib\Qt6QuickControls2FusionStyleImpl.prl
2026-09-24 22:43:52,436 - aqt.updater - INFO - updater 53504 Patching C:\Users\filipxps15\devtools\Qt\6.8.3\msvc2022_64\lib\Qt6QuickControls2FusionStyleImpld.prl
2026-09-24 22:43:52,453 - aqt.updater - INFO - updater 53504 Patching C:\Users\filipxps15\devtools\Qt\6.8.3\msvc2022_64\lib\Qt6QuickControls2Imagine.prl
2026-09-24 22:43:52,471 - aqt.updater - INFO - updater 53504 Patching C:\Users\filipxps15\devtools\Qt\6.8.3\msvc2022_64\lib\Qt6QuickControls2Imagined.prl
2026-09-24 22:43:52,490 - aqt.updater - INFO - updater 53504 Patching C:\Users\filipxps15\devtools\Qt\6.8.3\msvc2022_64\lib\Qt6QuickControls2ImagineStyleImpl.prl
2026-09-24 22:43:52,507 - aqt.updater - INFO - updater 53504 Patching C:\Users\filipxps15\devtools\Qt\6.8.3\msvc2022_64\lib\Qt6QuickControls2ImagineStyleImpld.prl
2026-09-24 22:43:52,525 - aqt.updater - INFO - updater 53504 Patching C:\Users\filipxps15\devtools\Qt\6.8.3\msvc2022_64\lib\Qt6QuickControls2Impl.prl
2026-09-24 22:43:52,544 - aqt.updater - INFO - updater 53504 Patching C:\Users\filipxps15\devtools\Qt\6.8.3\msvc2022_64\lib\Qt6QuickControls2Impld.prl
2026-09-24 22:43:52,562 - aqt.updater - INFO - updater 53504 Patching C:\Users\filipxps15\devtools\Qt\6.8.3\msvc2022_64\lib\Qt6QuickControls2Material.prl
2026-09-24 22:43:52,579 - aqt.updater - INFO - updater 53504 Patching C:\Users\filipxps15\devtools\Qt\6.8.3\msvc2022_64\lib\Qt6QuickControls2Materiald.prl
2026-09-24 22:43:52,601 - aqt.updater - INFO - updater 53504 Patching C:\Users\filipxps15\devtools\Qt\6.8.3\msvc2022_64\lib\Qt6QuickControls2MaterialStyleImpl.prl
2026-09-24 22:43:52,620 - aqt.updater - INFO - updater 53504 Patching C:\Users\filipxps15\devtools\Qt\6.8.3\msvc2022_64\lib\Qt6QuickControls2MaterialStyleImpld.prl
2026-09-24 22:43:52,644 - aqt.updater - INFO - updater 53504 Patching C:\Users\filipxps15\devtools\Qt\6.8.3\msvc2022_64\lib\Qt6QuickControls2Universal.prl
2026-09-24 22:43:52,661 - aqt.updater - INFO - updater 53504 Patching C:\Users\filipxps15\devtools\Qt\6.8.3\msvc2022_64\lib\Qt6QuickControls2Universald.prl
2026-09-24 22:43:52,680 - aqt.updater - INFO - updater 53504 Patching C:\Users\filipxps15\devtools\Qt\6.8.3\msvc2022_64\lib\Qt6QuickControls2UniversalStyleImpl.prl
2026-09-24 22:43:52,698 - aqt.updater - INFO - updater 53504 Patching C:\Users\filipxps15\devtools\Qt\6.8.3\msvc2022_64\lib\Qt6QuickControls2UniversalStyleImpld.prl
2026-09-24 22:43:52,717 - aqt.updater - INFO - updater 53504 Patching C:\Users\filipxps15\devtools\Qt\6.8.3\msvc2022_64\lib\Qt6QuickControls2WindowsStyleImpl.prl
2026-09-24 22:43:52,739 - aqt.updater - INFO - updater 53504 Patching C:\Users\filipxps15\devtools\Qt\6.8.3\msvc2022_64\lib\Qt6QuickControls2WindowsStyleImpld.prl
2026-09-24 22:43:52,759 - aqt.updater - INFO - updater 53504 Patching C:\Users\filipxps15\devtools\Qt\6.8.3\msvc2022_64\lib\Qt6QuickControlsTestUtils.prl
2026-09-24 22:43:52,780 - aqt.updater - INFO - updater 53504 Patching C:\Users\filipxps15\devtools\Qt\6.8.3\msvc2022_64\lib\Qt6QuickControlsTestUtilsd.prl
2026-09-24 22:43:52,803 - aqt.updater - INFO - updater 53504 Patching C:\Users\filipxps15\devtools\Qt\6.8.3\msvc2022_64\lib\Qt6Quickd.prl
2026-09-24 22:43:52,819 - aqt.updater - INFO - updater 53504 Patching C:\Users\filipxps15\devtools\Qt\6.8.3\msvc2022_64\lib\Qt6QuickDialogs2.prl
2026-09-24 22:43:52,837 - aqt.updater - INFO - updater 53504 Patching C:\Users\filipxps15\devtools\Qt\6.8.3\msvc2022_64\lib\Qt6QuickDialogs2d.prl
2026-09-24 22:43:52,854 - aqt.updater - INFO - updater 53504 Patching C:\Users\filipxps15\devtools\Qt\6.8.3\msvc2022_64\lib\Qt6QuickDialogs2QuickImpl.prl
2026-09-24 22:43:52,870 - aqt.updater - INFO - updater 53504 Patching C:\Users\filipxps15\devtools\Qt\6.8.3\msvc2022_64\lib\Qt6QuickDialogs2QuickImpld.prl
2026-09-24 22:43:52,886 - aqt.updater - INFO - updater 53504 Patching C:\Users\filipxps15\devtools\Qt\6.8.3\msvc2022_64\lib\Qt6QuickDialogs2Utils.prl
2026-09-24 22:43:52,902 - aqt.updater - INFO - updater 53504 Patching C:\Users\filipxps15\devtools\Qt\6.8.3\msvc2022_64\lib\Qt6QuickDialogs2Utilsd.prl
2026-09-24 22:43:52,921 - aqt.updater - INFO - updater 53504 Patching C:\Users\filipxps15\devtools\Qt\6.8.3\msvc2022_64\lib\Qt6QuickEffects.prl
2026-09-24 22:43:52,937 - aqt.updater - INFO - updater 53504 Patching C:\Users\filipxps15\devtools\Qt\6.8.3\msvc2022_64\lib\Qt6QuickEffectsd.prl
2026-09-24 22:43:52,954 - aqt.updater - INFO - updater 53504 Patching C:\Users\filipxps15\devtools\Qt\6.8.3\msvc2022_64\lib\Qt6QuickLayouts.prl
2026-09-24 22:43:52,971 - aqt.updater - INFO - updater 53504 Patching C:\Users\filipxps15\devtools\Qt\6.8.3\msvc2022_64\lib\Qt6QuickLayoutsd.prl
2026-09-24 22:43:52,986 - aqt.updater - INFO - updater 53504 Patching C:\Users\filipxps15\devtools\Qt\6.8.3\msvc2022_64\lib\Qt6QuickParticles.prl
2026-09-24 22:43:53,008 - aqt.updater - INFO - updater 53504 Patching C:\Users\filipxps15\devtools\Qt\6.8.3\msvc2022_64\lib\Qt6QuickParticlesd.prl
2026-09-24 22:43:53,023 - aqt.updater - INFO - updater 53504 Patching C:\Users\filipxps15\devtools\Qt\6.8.3\msvc2022_64\lib\Qt6QuickShapes.prl
2026-09-24 22:43:53,040 - aqt.updater - INFO - updater 53504 Patching C:\Users\filipxps15\devtools\Qt\6.8.3\msvc2022_64\lib\Qt6QuickShapesd.prl
2026-09-24 22:43:53,057 - aqt.updater - INFO - updater 53504 Patching C:\Users\filipxps15\devtools\Qt\6.8.3\msvc2022_64\lib\Qt6QuickTemplates2.prl
2026-09-24 22:43:53,072 - aqt.updater - INFO - updater 53504 Patching C:\Users\filipxps15\devtools\Qt\6.8.3\msvc2022_64\lib\Qt6QuickTemplates2d.prl
2026-09-24 22:43:53,093 - aqt.updater - INFO - updater 53504 Patching C:\Users\filipxps15\devtools\Qt\6.8.3\msvc2022_64\lib\Qt6QuickTest.prl
2026-09-24 22:43:53,108 - aqt.updater - INFO - updater 53504 Patching C:\Users\filipxps15\devtools\Qt\6.8.3\msvc2022_64\lib\Qt6QuickTestd.prl
2026-09-24 22:43:53,123 - aqt.updater - INFO - updater 53504 Patching C:\Users\filipxps15\devtools\Qt\6.8.3\msvc2022_64\lib\Qt6QuickTestUtils.prl
2026-09-24 22:43:53,143 - aqt.updater - INFO - updater 53504 Patching C:\Users\filipxps15\devtools\Qt\6.8.3\msvc2022_64\lib\Qt6QuickTestUtilsd.prl
2026-09-24 22:43:53,161 - aqt.updater - INFO - updater 53504 Patching C:\Users\filipxps15\devtools\Qt\6.8.3\msvc2022_64\lib\Qt6QuickVectorImage.prl
2026-09-24 22:43:53,179 - aqt.updater - INFO - updater 53504 Patching C:\Users\filipxps15\devtools\Qt\6.8.3\msvc2022_64\lib\Qt6QuickVectorImaged.prl
2026-09-24 22:43:53,194 - aqt.updater - INFO - updater 53504 Patching C:\Users\filipxps15\devtools\Qt\6.8.3\msvc2022_64\lib\Qt6QuickVectorImageGenerator.prl
2026-09-24 22:43:53,210 - aqt.updater - INFO - updater 53504 Patching C:\Users\filipxps15\devtools\Qt\6.8.3\msvc2022_64\lib\Qt6QuickVectorImageGeneratord.prl
2026-09-24 22:43:53,228 - aqt.updater - INFO - updater 53504 Patching C:\Users\filipxps15\devtools\Qt\6.8.3\msvc2022_64\lib\Qt6QuickWidgets.prl
2026-09-24 22:43:53,247 - aqt.updater - INFO - updater 53504 Patching C:\Users\filipxps15\devtools\Qt\6.8.3\msvc2022_64\lib\Qt6QuickWidgetsd.prl
2026-09-24 22:43:53,263 - aqt.updater - INFO - updater 53504 Patching C:\Users\filipxps15\devtools\Qt\6.8.3\msvc2022_64\lib\Qt6Sql.prl
2026-09-24 22:43:53,282 - aqt.updater - INFO - updater 53504 Patching C:\Users\filipxps15\devtools\Qt\6.8.3\msvc2022_64\lib\Qt6Sqld.prl
2026-09-24 22:43:53,300 - aqt.updater - INFO - updater 53504 Patching C:\Users\filipxps15\devtools\Qt\6.8.3\msvc2022_64\lib\Qt6Svg.prl
2026-09-24 22:43:53,315 - aqt.updater - INFO - updater 53504 Patching C:\Users\filipxps15\devtools\Qt\6.8.3\msvc2022_64\lib\Qt6Svgd.prl
2026-09-24 22:43:53,332 - aqt.updater - INFO - updater 53504 Patching C:\Users\filipxps15\devtools\Qt\6.8.3\msvc2022_64\lib\Qt6SvgWidgets.prl
2026-09-24 22:43:53,352 - aqt.updater - INFO - updater 53504 Patching C:\Users\filipxps15\devtools\Qt\6.8.3\msvc2022_64\lib\Qt6SvgWidgetsd.prl
2026-09-24 22:43:53,364 - aqt.updater - INFO - updater 53504 Patching C:\Users\filipxps15\devtools\Qt\6.8.3\msvc2022_64\lib\Qt6Test.prl
2026-09-24 22:43:53,375 - aqt.updater - INFO - updater 53504 Patching C:\Users\filipxps15\devtools\Qt\6.8.3\msvc2022_64\lib\Qt6Testd.prl
2026-09-24 22:43:53,390 - aqt.updater - INFO - updater 53504 Patching C:\Users\filipxps15\devtools\Qt\6.8.3\msvc2022_64\lib\Qt6UiTools.prl
2026-09-24 22:43:53,402 - aqt.updater - INFO - updater 53504 Patching C:\Users\filipxps15\devtools\Qt\6.8.3\msvc2022_64\lib\Qt6UiToolsd.prl
2026-09-24 22:43:53,406 - aqt.updater - INFO - updater 53504 Patching C:\Users\filipxps15\devtools\Qt\6.8.3\msvc2022_64\lib\Qt6Widgets.prl
2026-09-24 22:43:53,419 - aqt.updater - INFO - updater 53504 Patching C:\Users\filipxps15\devtools\Qt\6.8.3\msvc2022_64\lib\Qt6Widgetsd.prl
2026-09-24 22:43:53,429 - aqt.updater - INFO - updater 53504 Patching C:\Users\filipxps15\devtools\Qt\6.8.3\msvc2022_64\lib\Qt6Xml.prl
2026-09-24 22:43:53,443 - aqt.updater - INFO - updater 53504 Patching C:\Users\filipxps15\devtools\Qt\6.8.3\msvc2022_64\lib\Qt6Xmld.prl
2026-09-24 22:43:53,457 - aqt.main - INFO - installer 53504 Finished installation
2026-09-24 22:43:53,457 - aqt.main - INFO - installer 53504 Time elapsed: 92.26123360 second
